\BOOKMARK [1][-]{section.1}{\376\377\000S\000e\000t\000s}{}% 1
\BOOKMARK [2][-]{subsection.1.1}{\376\377\000S\000e\000t\000s\000\040\000a\000n\000d\000\040\000e\000l\000e\000m\000e\000n\000t\000s}{section.1}% 2
\BOOKMARK [2][-]{subsection.1.2}{\376\377\000S\000p\000e\000c\000i\000f\000y\000i\000n\000g\000\040\000s\000e\000t\000s}{section.1}% 3
\BOOKMARK [2][-]{subsection.1.3}{\376\377\000C\000a\000r\000d\000i\000n\000a\000l\000i\000t\000y}{section.1}% 4
\BOOKMARK [2][-]{subsection.1.4}{\376\377\000S\000e\000t\000s\000\040\000o\000f\000\040\000n\000u\000m\000b\000e\000r\000s}{section.1}% 5
\BOOKMARK [2][-]{subsection.1.5}{\376\377\000S\000e\000t\000s\000\040\000o\000f\000\040\000s\000t\000r\000i\000n\000g\000s}{section.1}% 6
\BOOKMARK [2][-]{subsection.1.6}{\376\377\000S\000u\000b\000s\000e\000t\000s\000\040\000a\000n\000d\000\040\000s\000u\000p\000e\000r\000s\000e\000t\000s}{section.1}% 7
\BOOKMARK [2][-]{subsection.1.7}{\376\377\000M\000i\000n\000i\000m\000a\000l\000,\000\040\000m\000i\000n\000i\000m\000u\000m\000,\000\040\000m\000a\000x\000i\000m\000a\000l\000,\000\040\000m\000a\000x\000i\000m\000u\000m}{section.1}% 8
\BOOKMARK [2][-]{subsection.1.8}{\376\377\000C\000o\000u\000n\000t\000i\000n\000g\000\040\000a\000l\000l\000\040\000s\000u\000b\000s\000e\000t\000s}{section.1}% 9
\BOOKMARK [2][-]{subsection.1.9}{\376\377\000T\000h\000e\000\040\000p\000o\000w\000e\000r\000\040\000s\000e\000t\000\040\000o\000f\000\040\000a\000\040\000s\000e\000t}{section.1}% 10
\BOOKMARK [2][-]{subsection.1.10}{\376\377\000C\000o\000u\000n\000t\000i\000n\000g\000\040\000s\000u\000b\000s\000e\000t\000s\000\040\000b\000y\000\040\000s\000i\000z\000e\000\040\000u\000s\000i\000n\000g\000\040\000b\000i\000n\000o\000m\000i\000a\000l\000\040\000c\000o\000e\000f\000f\000i\000c\000i\000e\000n\000t\000s}{section.1}% 11
\BOOKMARK [2][-]{subsection.1.11}{\376\377\000C\000o\000m\000p\000l\000e\000m\000e\000n\000t\000\040\000a\000n\000d\000\040\000s\000e\000t\000\040\000d\000i\000f\000f\000e\000r\000e\000n\000c\000e}{section.1}% 12
\BOOKMARK [2][-]{subsection.1.12}{\376\377\000U\000n\000i\000o\000n\000\040\000a\000n\000d\000\040\000i\000n\000t\000e\000r\000s\000e\000c\000t\000i\000o\000n}{section.1}% 13
\BOOKMARK [2][-]{subsection.1.13}{\376\377\000S\000y\000m\000m\000e\000t\000r\000i\000c\000\040\000d\000i\000f\000f\000e\000r\000e\000n\000c\000e}{section.1}% 14
\BOOKMARK [2][-]{subsection.1.14}{\376\377\000C\000a\000r\000t\000e\000s\000i\000a\000n\000\040\000p\000r\000o\000d\000u\000c\000t}{section.1}% 15
\BOOKMARK [2][-]{subsection.1.15}{\376\377\000P\000a\000r\000t\000i\000t\000i\000o\000n\000s}{section.1}% 16
\BOOKMARK [2][-]{subsection.1.16}{\376\377\000C\000a\000r\000d\000i\000n\000a\000l\000i\000t\000y\000\040\000o\000f\000\040\000i\000n\000f\000i\000n\000i\000t\000e\000\040\000s\000e\000t\000s\000\040\000\050\000R\000o\000s\000e\000n\000\040\000\247\0002\000.\0005\000\040\040\023\000\040\000e\000x\000t\000e\000n\000s\000i\000o\000n\000,\000\040\000b\000e\000y\000o\000n\000d\000\040\000C\000N\000\040\000s\000y\000l\000l\000a\000b\000u\000s\000\051}{section.1}% 17
\BOOKMARK [1][-]{section.2}{\376\377\000F\000u\000n\000c\000t\000i\000o\000n\000s}{}% 18
\BOOKMARK [2][-]{subsection.2.1}{\376\377\000D\000e\000f\000i\000n\000i\000t\000i\000o\000n\000s}{section.2}% 19
\BOOKMARK [3][-]{subsubsection.2.1.1}{\376\377\000D\000o\000m\000a\000i\000n}{subsection.2.1}% 20
\BOOKMARK [3][-]{subsubsection.2.1.2}{\376\377\000C\000o\000d\000o\000m\000a\000i\000n\000\040\000\046\000\040\000c\000o\000.}{subsection.2.1}% 21
\BOOKMARK [3][-]{subsubsection.2.1.3}{\376\377\000R\000u\000l\000e}{subsection.2.1}% 22
\BOOKMARK [2][-]{subsection.2.2}{\376\377\000F\000u\000n\000c\000t\000i\000o\000n\000s\000\040\000i\000n\000\040\000c\000o\000m\000p\000u\000t\000e\000r\000\040\000s\000c\000i\000e\000n\000c\000e}{section.2}% 23
\BOOKMARK [3][-]{subsubsection.2.2.1}{\376\377\000F\000u\000n\000c\000t\000i\000o\000n\000s\000\040\000f\000r\000o\000m\000\040\000a\000n\000a\000l\000y\000s\000i\000s}{subsection.2.2}% 24
\BOOKMARK [3][-]{subsubsection.2.2.2}{\376\377\000F\000u\000n\000c\000t\000i\000o\000n\000s\000\040\000i\000n\000\040\000m\000a\000t\000h\000e\000m\000a\000t\000i\000c\000s\000\040\000a\000n\000d\000\040\000p\000r\000o\000g\000r\000a\000m\000m\000i\000n\000g}{subsection.2.2}% 25
\BOOKMARK [2][-]{subsection.2.3}{\376\377\000N\000o\000t\000a\000t\000i\000o\000n}{section.2}% 26
\BOOKMARK [2][-]{subsection.2.4}{\376\377\000S\000o\000m\000e\000\040\000s\000p\000e\000c\000i\000a\000l\000\040\000f\000u\000n\000c\000t\000i\000o\000n\000s}{section.2}% 27
\BOOKMARK [2][-]{subsection.2.5}{\376\377\000F\000u\000n\000c\000t\000i\000o\000n\000s\000\040\000w\000i\000t\000h\000\040\000m\000u\000l\000t\000i\000p\000l\000e\000\040\000a\000r\000g\000u\000m\000e\000n\000t\000s\000\040\000a\000n\000d\000\040\000v\000a\000l\000u\000e\000s}{section.2}% 28
\BOOKMARK [2][-]{subsection.2.6}{\376\377\000R\000e\000s\000t\000r\000i\000c\000t\000i\000o\000n\000s}{section.2}% 29
\BOOKMARK [2][-]{subsection.2.7}{\376\377\000I\000n\000j\000e\000c\000t\000i\000o\000n\000s\000,\000\040\000s\000u\000r\000j\000e\000c\000t\000i\000o\000n\000s\000,\000\040\000b\000i\000j\000e\000c\000t\000i\000o\000n\000s}{section.2}% 30
\BOOKMARK [2][-]{subsection.2.8}{\376\377\000I\000n\000v\000e\000r\000s\000e\000\040\000f\000u\000n\000c\000t\000i\000o\000n\000s}{section.2}% 31
\BOOKMARK [2][-]{subsection.2.9}{\376\377\000C\000o\000m\000p\000o\000s\000i\000t\000i\000o\000n}{section.2}% 32
\BOOKMARK [2][-]{subsection.2.10}{\376\377\000C\000r\000y\000p\000t\000o\000s\000y\000s\000t\000e\000m\000s}{section.2}% 33
\BOOKMARK [2][-]{subsection.2.11}{\376\377\000L\000o\000o\000s\000e\000\040\000c\000o\000m\000p\000o\000s\000i\000t\000i\000o\000n}{section.2}% 34
\BOOKMARK [2][-]{subsection.2.12}{\376\377\000C\000o\000u\000n\000t\000i\000n\000g\000\040\000f\000u\000n\000c\000t\000i\000o\000n\000s}{section.2}% 35
\BOOKMARK [2][-]{subsection.2.13}{\376\377\000B\000i\000n\000a\000r\000y\000\040\000r\000e\000l\000a\000t\000i\000o\000n\000s}{section.2}% 36
\BOOKMARK [2][-]{subsection.2.14}{\376\377\000P\000r\000o\000p\000e\000r\000t\000i\000e\000s\000\040\000o\000f\000\040\000b\000i\000n\000a\000r\000y\000\040\000r\000e\000l\000a\000t\000i\000o\000n\000s}{section.2}% 37
\BOOKMARK [2][-]{subsection.2.15}{\376\377\000C\000o\000m\000b\000i\000n\000i\000n\000g\000\040\000b\000i\000n\000a\000r\000y\000\040\000r\000e\000l\000a\000t\000i\000o\000n\000s}{section.2}% 38
\BOOKMARK [2][-]{subsection.2.16}{\376\377\000E\000q\000u\000i\000v\000a\000l\000e\000n\000c\000e\000\040\000r\000e\000l\000a\000t\000i\000o\000n\000s}{section.2}% 39
\BOOKMARK [2][-]{subsection.2.17}{\376\377\000R\000e\000l\000a\000t\000i\000o\000n\000s}{section.2}% 40
\BOOKMARK [2][-]{subsection.2.18}{\376\377\000C\000o\000u\000n\000t\000i\000n\000g\000\040\000r\000e\000l\000a\000t\000i\000o\000n\000s}{section.2}% 41
\BOOKMARK [2][-]{subsection.2.19}{\376\377\000M\000a\000t\000r\000i\000c\000e\000s\000\040\000\050\000R\000o\000s\000e\000n\000\040\000\247\0002\000.\0006\000\040\040\023\000\040\000e\000x\000t\000e\000n\000s\000i\000o\000n\000,\000\040\000b\000e\000y\000o\000n\000d\000\040\000C\000N\000\040\000s\000y\000l\000l\000a\000b\000u\000s\000\051}{section.2}% 42
\BOOKMARK [1][-]{section.3}{\376\377\000P\000r\000o\000o\000f\000s}{}% 43
\BOOKMARK [2][-]{subsection.3.1}{\376\377\000T\000h\000e\000o\000r\000e\000m\000s\000\040\000a\000n\000d\000\040\000p\000r\000o\000o\000f\000s}{section.3}% 44
\BOOKMARK [2][-]{subsection.3.2}{\376\377\000L\000o\000g\000i\000c\000a\000l\000\040\000d\000e\000d\000u\000c\000t\000i\000o\000n}{section.3}% 45
\BOOKMARK [2][-]{subsection.3.3}{\376\377\000P\000r\000o\000o\000f\000s\000\040\000o\000f\000\040\000e\000x\000i\000s\000t\000e\000n\000t\000i\000a\000l\000\040\000a\000n\000d\000\040\000u\000n\000i\000v\000e\000r\000s\000a\000l\000\040\000s\000t\000a\000t\000e\000m\000e\000n\000t\000s}{section.3}% 46
\BOOKMARK [2][-]{subsection.3.4}{\376\377\000F\000i\000n\000d\000i\000n\000g\000\040\000p\000r\000o\000o\000f\000s}{section.3}% 47
\BOOKMARK [2][-]{subsection.3.5}{\376\377\000T\000y\000p\000e\000s\000\040\000o\000f\000\040\000p\000r\000o\000o\000f\000s}{section.3}% 48
\BOOKMARK [2][-]{subsection.3.6}{\376\377\000P\000r\000o\000o\000f\000\040\000b\000y\000\040\000s\000y\000m\000b\000o\000l\000i\000c\000\040\000m\000a\000n\000i\000p\000u\000l\000a\000t\000i\000o\000n}{section.3}% 49
\BOOKMARK [2][-]{subsection.3.7}{\376\377\000P\000r\000o\000o\000f\000\040\000b\000y\000\040\000c\000o\000n\000s\000t\000r\000u\000c\000t\000i\000o\000n}{section.3}% 50
\BOOKMARK [2][-]{subsection.3.8}{\376\377\000P\000r\000o\000o\000f\000\040\000b\000y\000\040\000c\000a\000s\000e\000s}{section.3}% 51
\BOOKMARK [2][-]{subsection.3.9}{\376\377\000P\000r\000o\000o\000f\000\040\000b\000y\000\040\000c\000o\000n\000t\000r\000a\000d\000i\000c\000t\000i\000o\000n}{section.3}% 52
\BOOKMARK [2][-]{subsection.3.10}{\376\377\000P\000r\000o\000o\000f\000\040\000b\000y\000\040\000m\000a\000t\000h\000e\000m\000a\000t\000i\000c\000a\000l\000\040\000i\000n\000d\000u\000c\000t\000i\000o\000n}{section.3}% 53
\BOOKMARK [2][-]{subsection.3.11}{\376\377\000I\000n\000d\000u\000c\000t\000i\000o\000n\000:\000\040\000m\000o\000r\000e\000\040\000e\000x\000a\000m\000p\000l\000e\000s}{section.3}% 54
\BOOKMARK [2][-]{subsection.3.12}{\376\377\000I\000n\000d\000u\000c\000t\000i\000o\000n\000:\000\040\000e\000x\000t\000e\000n\000d\000e\000d\000\040\000e\000x\000a\000m\000p\000l\000e}{section.3}% 55
\BOOKMARK [2][-]{subsection.3.13}{\376\377\000M\000a\000t\000h\000e\000m\000a\000t\000i\000c\000a\000l\000\040\000i\000n\000d\000u\000c\000t\000i\000o\000n\000\040\000a\000n\000d\000\040\000s\000t\000a\000t\000i\000s\000t\000i\000c\000a\000l\000\040\000i\000n\000d\000u\000c\000t\000i\000o\000n}{section.3}% 56
\BOOKMARK [2][-]{subsection.3.14}{\376\377\000P\000r\000o\000g\000r\000a\000m\000s\000\040\000a\000n\000d\000\040\000p\000r\000o\000o\000f\000s}{section.3}% 57
\BOOKMARK [1][-]{section.4}{\376\377\000P\000r\000o\000p\000o\000s\000i\000t\000i\000o\000n\000a\000l\000\040\000L\000o\000g\000i\000c}{}% 58
\BOOKMARK [2][-]{subsection.4.1}{\376\377\000T\000r\000u\000t\000h\000\040\000v\000a\000l\000u\000e\000s}{section.4}% 59
\BOOKMARK [2][-]{subsection.4.2}{\376\377\000B\000o\000o\000l\000e\000a\000n\000\040\000v\000a\000r\000i\000a\000b\000l\000e\000s}{section.4}% 60
\BOOKMARK [2][-]{subsection.4.3}{\376\377\000P\000r\000o\000p\000o\000s\000i\000t\000i\000o\000n\000s}{section.4}% 61
\BOOKMARK [2][-]{subsection.4.4}{\376\377\000L\000o\000g\000i\000c\000a\000l\000\040\000o\000p\000e\000r\000a\000t\000i\000o\000n\000s}{section.4}% 62
\BOOKMARK [2][-]{subsection.4.5}{\376\377\000N\000e\000g\000a\000t\000i\000o\000n}{section.4}% 63
\BOOKMARK [2][-]{subsection.4.6}{\376\377\000C\000o\000n\000j\000u\000n\000c\000t\000i\000o\000n}{section.4}% 64
\BOOKMARK [2][-]{subsection.4.7}{\376\377\000D\000i\000s\000j\000u\000n\000c\000t\000i\000o\000n}{section.4}% 65
\BOOKMARK [2][-]{subsection.4.8}{\376\377\000D\000e\000\040\000M\000o\000r\000g\000a\000n\000'\000s\000\040\000L\000a\000w\000s}{section.4}% 66
\BOOKMARK [2][-]{subsection.4.9}{\376\377\000I\000m\000p\000l\000i\000c\000a\000t\000i\000o\000n}{section.4}% 67
\BOOKMARK [2][-]{subsection.4.10}{\376\377\000E\000q\000u\000i\000v\000a\000l\000e\000n\000c\000e}{section.4}% 68
\BOOKMARK [2][-]{subsection.4.11}{\376\377\000E\000x\000c\000l\000u\000s\000i\000v\000e\000-\000o\000r}{section.4}% 69
\BOOKMARK [2][-]{subsection.4.12}{\376\377\000T\000a\000u\000t\000o\000l\000o\000g\000i\000e\000s\000\040\000a\000n\000d\000\040\000l\000o\000g\000i\000c\000a\000l\000\040\000e\000q\000u\000i\000v\000a\000l\000e\000n\000c\000e}{section.4}% 70
\BOOKMARK [2][-]{subsection.4.13}{\376\377\000H\000i\000s\000t\000o\000r\000y}{section.4}% 71
\BOOKMARK [2][-]{subsection.4.14}{\376\377\000D\000i\000s\000t\000r\000i\000b\000u\000t\000i\000v\000e\000\040\000L\000a\000w\000s}{section.4}% 72
\BOOKMARK [2][-]{subsection.4.15}{\376\377\000L\000a\000w\000s\000\040\000o\000f\000\040\000B\000o\000o\000l\000e\000a\000n\000\040\000a\000l\000g\000e\000b\000r\000a}{section.4}% 73
\BOOKMARK [2][-]{subsection.4.16}{\376\377\000D\000i\000s\000j\000u\000n\000c\000t\000i\000v\000e\000\040\000N\000o\000r\000m\000a\000l\000\040\000F\000o\000r\000m}{section.4}% 74
\BOOKMARK [2][-]{subsection.4.17}{\376\377\000C\000o\000n\000j\000u\000n\000c\000t\000i\000v\000e\000\040\000N\000o\000r\000m\000a\000l\000\040\000F\000o\000r\000m}{section.4}% 75
\BOOKMARK [2][-]{subsection.4.18}{\376\377\000R\000e\000p\000r\000e\000s\000e\000n\000t\000i\000n\000g\000\040\000l\000o\000g\000i\000c\000a\000l\000\040\000s\000t\000a\000t\000e\000m\000e\000n\000t\000s}{section.4}% 76
\BOOKMARK [2][-]{subsection.4.19}{\376\377\000S\000t\000a\000t\000e\000m\000e\000n\000t\000s\000\040\000a\000b\000o\000u\000t\000\040\000h\000o\000w\000\040\000m\000a\000n\000y\000\040\000v\000a\000r\000i\000a\000b\000l\000e\000s\000\040\000a\000r\000e\000\040\000t\000r\000u\000e}{section.4}% 77
\BOOKMARK [2][-]{subsection.4.20}{\376\377\000U\000n\000i\000v\000e\000r\000s\000a\000l\000\040\000s\000e\000t\000s\000\040\000o\000f\000\040\000o\000p\000e\000r\000a\000t\000i\000o\000n\000s}{section.4}% 78
\BOOKMARK [1][-]{section.5}{\376\377\000P\000r\000e\000d\000i\000c\000a\000t\000e\000\040\000L\000o\000g\000i\000c}{}% 79
\BOOKMARK [2][-]{subsection.5.1}{\376\377\000R\000e\000l\000a\000t\000i\000o\000n\000s\000,\000\040\000p\000r\000e\000d\000i\000c\000a\000t\000e\000s\000,\000\040\000a\000n\000d\000\040\000t\000r\000u\000t\000h\000-\000v\000a\000l\000u\000e\000d\000\040\000f\000u\000n\000c\000t\000i\000o\000n\000s}{section.5}% 80
\BOOKMARK [2][-]{subsection.5.2}{\376\377\000V\000a\000r\000i\000a\000b\000l\000e\000s\000\040\000a\000n\000d\000\040\000c\000o\000n\000s\000t\000a\000n\000t\000s}{section.5}% 81
\BOOKMARK [2][-]{subsection.5.3}{\376\377\000P\000r\000e\000d\000i\000c\000a\000t\000e\000s\000\040\000a\000n\000d\000\040\000v\000a\000r\000i\000a\000b\000l\000e\000s}{section.5}% 82
\BOOKMARK [2][-]{subsection.5.4}{\376\377\000A\000r\000g\000u\000m\000e\000n\000t\000s\000\040\000o\000f\000\040\000p\000r\000e\000d\000i\000c\000a\000t\000e\000s}{section.5}% 83
\BOOKMARK [2][-]{subsection.5.5}{\376\377\000B\000u\000i\000l\000d\000i\000n\000g\000\040\000l\000o\000g\000i\000c\000a\000l\000\040\000e\000x\000p\000r\000e\000s\000s\000i\000o\000n\000s\000\040\000w\000i\000t\000h\000\040\000p\000r\000e\000d\000i\000c\000a\000t\000e\000s}{section.5}% 84
\BOOKMARK [2][-]{subsection.5.6}{\376\377\000E\000x\000i\000s\000t\000e\000n\000t\000i\000a\000l\000\040\000q\000u\000a\000n\000t\000i\000f\000i\000e\000r}{section.5}% 85
\BOOKMARK [2][-]{subsection.5.7}{\376\377\000R\000e\000s\000t\000r\000i\000c\000t\000i\000n\000g\000\040\000e\000x\000i\000s\000t\000e\000n\000t\000i\000a\000l\000l\000y\000\040\000q\000u\000a\000n\000t\000i\000f\000i\000e\000d\000\040\000v\000a\000r\000i\000a\000b\000l\000e\000s}{section.5}% 86
\BOOKMARK [2][-]{subsection.5.8}{\376\377\000U\000n\000i\000v\000e\000r\000s\000a\000l\000\040\000q\000u\000a\000n\000t\000i\000f\000i\000e\000r}{section.5}% 87
\BOOKMARK [2][-]{subsection.5.9}{\376\377\000R\000e\000s\000t\000r\000i\000c\000t\000i\000n\000g\000\040\000u\000n\000i\000v\000e\000r\000s\000a\000l\000l\000y\000\040\000q\000u\000a\000n\000t\000i\000f\000i\000e\000d\000\040\000v\000a\000r\000i\000a\000b\000l\000e\000s}{section.5}% 88
\BOOKMARK [2][-]{subsection.5.10}{\376\377\000M\000u\000l\000t\000i\000p\000l\000e\000\040\000q\000u\000a\000n\000t\000i\000f\000i\000e\000r\000s}{section.5}% 89
\BOOKMARK [2][-]{subsection.5.11}{\376\377\000P\000r\000e\000d\000i\000c\000a\000t\000e\000\040\000l\000o\000g\000i\000c\000\040\000e\000x\000p\000r\000e\000s\000s\000i\000o\000n\000s}{section.5}% 90
\BOOKMARK [2][-]{subsection.5.12}{\376\377\000D\000o\000i\000n\000g\000\040\000l\000o\000g\000i\000c\000\040\000w\000i\000t\000h\000\040\000q\000u\000a\000n\000t\000i\000f\000i\000e\000r\000s}{section.5}% 91
\BOOKMARK [2][-]{subsection.5.13}{\376\377\000D\000u\000a\000l\000i\000t\000y\000\040\000b\000e\000t\000w\000e\000e\000n\000\040\000q\000u\000a\000n\000t\000i\000f\000i\000e\000r\000s}{section.5}% 92
\BOOKMARK [2][-]{subsection.5.14}{\376\377\000S\000o\000m\000e\000\040\000e\000x\000a\000m\000p\000l\000e\000s}{section.5}% 93
\BOOKMARK [2][-]{subsection.5.15}{\376\377\000S\000u\000m\000m\000a\000r\000y\000\040\000o\000f\000\040\000r\000u\000l\000e\000s\000\040\000f\000o\000r\000\040\000l\000o\000g\000i\000c\000\040\000w\000i\000t\000h\000\040\000q\000u\000a\000n\000t\000i\000f\000i\000e\000r\000s}{section.5}% 94
\BOOKMARK [2][-]{subsection.5.16}{\376\377\000R\000u\000l\000e\000s\000\040\000o\000f\000\040\000i\000n\000f\000e\000r\000e\000n\000c\000e\000\040\000\050\000R\000o\000s\000e\000n\000\040\000\247\0001\000.\0006\000\040\040\023\000\040\000e\000x\000t\000e\000n\000s\000i\000o\000n\000,\000\040\000b\000e\000y\000o\000n\000d\000\040\000C\000N\000\040\000s\000y\000l\000l\000a\000b\000u\000s\000\051}{section.5}% 95
\BOOKMARK [1][-]{section*.2}{\376\377\000N\000o\000t\000a\000t\000i\000o\000n\000\040\000s\000u\000m\000m\000a\000r\000y}{}% 96
